apiVersion: v1
kind: Secret
metadata:
  labels:
    k8ify.ref-slug: oasp
    k8ify.service: inline
  name: inline-oasp-servicemonitor-8080
stringData:
  password: inline_password
  username: inline_user
