apiVersion: v1
kind: Secret
metadata:
  labels:
    k8ify.ref-slug: oasp
    k8ify.service: vars
  name: vars-oasp-servicemonitor-8081
stringData:
  password: vars_password_2
  username: inline_sidecar_user
