apiVersion: monitoring.coreos.com/v1
kind: ServiceMonitor
metadata:
  creationTimestamp: null
  labels:
    k8ify.ref-slug: oasp
    k8ify.service: website-with-sidecar
  name: website-with-sidecar-oasp
spec:
  endpoints:
  - interval: 1m
    path: /v2/metrics
    port: "8083"
    scheme: https
  - interval: 30s
    path: /actuator/metrics
    port: "8084"
    scheme: http
  namespaceSelector: {}
  selector:
    matchLabels:
      k8ify.ref-slug: oasp
      k8ify.service: website-with-sidecar
