services:
  vote:
    image: docker.io/dockersamples/examplevotingapp_vote
    deploy:
      replicas: 2
    depends_on:
      redis:
        condition: service_healthy 
    ports:
      - "5000:80"
    networks:
      - front-tier
      - back-tier

  result:
    image: docker.io/dockersamples/examplevotingapp_result
    deploy:
      replicas: 2
    depends_on:
      db:
        condition: service_healthy 
    ports:
      - "5001:80"
    networks:
      - front-tier
      - back-tier

  worker:
    image: docker.io/dockersamples/examplevotingapp_worker
    depends_on:
      redis:
        condition: service_healthy 
      db:
        condition: service_healthy 
    networks:
      - back-tier

  redis:
    image: docker.io/library/redis:alpine
    volumes:
      - "./healthchecks:/healthchecks"
    healthcheck:
      test: /healthchecks/redis.sh
      interval: "5s"
    networks:
      - back-tier

  db:
    image: docker.io/library/postgres:15-alpine
    environment:
      POSTGRES_USER: "postgres"
      POSTGRES_PASSWORD: "postgres"
    volumes:
      - "db-data:/var/lib/postgresql/data"
      - "./healthchecks:/healthchecks"
    healthcheck:
      test: /healthchecks/postgres.sh
      interval: "5s"
    networks:
      - back-tier

volumes:
  db-data:

networks:
  front-tier:
  back-tier:
