apiVersion: v1
kind: Secret
metadata:
  labels:
    k8ify.ref-slug: oasp
    k8ify.service: default
  name: default-data-default-oasp-0-luks-key
stringData:
  luksKey: passw0rd
