apiVersion: v1
kind: Secret
metadata:
  labels:
    k8ify.ref-slug: oasp
    k8ify.service: portal
  name: portal-oasp-env
stringData:
  mongodb_database: portal
  mongodb_disable_tls: "true"
  mongodb_hostname: mongo
  mongodb_password: very secret yeah
  mongodb_username: portal
