apiVersion: v1
kind: Secret
metadata:
  labels:
    k8ify.ref-slug: oasp
    k8ify.service: fooBar
  name: fooBar-oasp-env
stringData:
  BAR: two
  FOO: one
  something_else: three
