apiVersion: v1
kind: Secret
metadata:
  labels:
    k8ify.service: part-of-statefulset
  name: part-of-statefulset-image-pull-secret
stringData:
  .dockerconfigjson: |
    {
      "auths": {
        "https://index.docker.io/v1/": {
          "auth": "bar-baz"
        }
      }
    }
type: kubernetes.io/dockerconfigjson
