apiVersion: v1
kind: Secret
metadata:
  labels:
    k8ify.service: part-of-statefulset
  name: part-of-statefulset-env
stringData:
  BAR: two
  FOO: one
  something_else: three
