---
environments:
  prod: {}
  test:
    refs:
      - feat/one
      - feat/two
