---
environments:
  prod:
    vars:
      POSTGRES_PASSWORD: "very secret"
