---
apiVersion: v1
kind: Service
metadata:
  creationTimestamp: null
  labels:
    k8ify.ref-slug: feat-two
    k8ify.service: db
  name: db-feat-two
spec:
  selector:
    k8ify.ref-slug: feat-two
    k8ify.service: db
status:
  loadBalancer: {}
