---
apiVersion: v1
kind: Secret
metadata:
  creationTimestamp: null
  labels:
    k8ify.ref-slug: feat-two
    k8ify.service: db
  name: db-feat-two-env
stringData:
  POSTGRES_PASSWORD: postgres
  POSTGRES_USER: postgres
