---
apiVersion: v1
kind: Service
metadata:
  creationTimestamp: null
  labels:
    k8ify.ref-slug: feat-two
    k8ify.service: redis
  name: redis-feat-two
spec:
  selector:
    k8ify.ref-slug: feat-two
    k8ify.service: redis
status:
  loadBalancer: {}
