apiVersion: v1
kind: Secret
metadata:
  labels:
    k8ify.ref-slug: oasp
    k8ify.service: postgres
  name: postgres-oasp-env
stringData:
  POSTGRES_PASSWORD: very secret
