apiVersion: v1
kind: Service
metadata:
  creationTimestamp: null
  labels:
    k8ify.ref-slug: oasp
    k8ify.service: skipVerify
  name: skipVerify-oasp
spec:
  ports:
  - name: "8080"
    port: 8080
    targetPort: 80
  selector:
    k8ify.ref-slug: oasp
    k8ify.service: skipVerify
status:
  loadBalancer: {}
